Error: ERROR: Found stale approvals files: 
  - should-not-exist.approved.txt
